// Jest Snapshot v1, https://goo.gl/fbAQLP

exports[`SelectInput Component should render the SelectInput Component 1`] = `ShallowWrapper {}`;
