// Jest Snapshot v1, https://goo.gl/fbAQLP

exports[`Test Form Component Should Render Correctly 1`] = `ReactWrapper {}`;
